// Jest Snapshot v1, https://goo.gl/fbAQLP

exports[`VpnServerCell should render correctly 1`] = `
<RNGestureHandlerButton
  collapsable={false}
  exclusive={true}
  handlerTag={1}
  handlerType="NativeViewGestureHandler"
  onGestureEvent={[Function]}
  onGestureHandlerEvent={[Function]}
  onGestureHandlerStateChange={[Function]}
  onHandlerStateChange={[Function]}
  rippleColor={0}
  testID="vpn-server-list.cell"
  touchSoundDisabled={false}
>
  <View
    accessible={true}
    collapsable={false}
    style={
      Object {
        "height": 60,
        "padding": 8,
      }
    }
  >
    <View
      style={
        Object {
          "flexDirection": "row",
        }
      }
    >
      <View
        style={
          Array [
            Object {
              "marginVertical": 6,
              "paddingLeft": 8,
            },
            Object {
              "flex": 1,
              "justifyContent": "center",
            },
          ]
        }
      >
        <Text
          numberOfLines={1}
          style={
            Array [
              Object {
                "color": "rgba(28, 27, 31, 1)",
                "fontSize": 16,
                "fontWeight": "400",
                "letterSpacing": 0.15,
                "lineHeight": 24,
              },
              Object {
                "textAlign": "left",
              },
              Object {
                "writingDirection": "ltr",
              },
              Array [
                Object {
                  "color": "rgba(28, 27, 31, 1)",
                },
              ],
            ]
          }
        >
          public-vpn-90.opengw.net
        </Text>
        <Text
          numberOfLines={2}
          style={
            Array [
              Object {
                "color": "rgba(28, 27, 31, 1)",
                "fontSize": 14,
                "fontWeight": "400",
                "letterSpacing": 0.25,
                "lineHeight": 20,
              },
              Object {
                "textAlign": "left",
              },
              Object {
                "writingDirection": "ltr",
              },
              Array [
                Object {
                  "color": "rgba(73, 69, 79, 1)",
                },
              ],
            ]
          }
        >
          219.100.37.55
        </Text>
      </View>
    </View>
  </View>
</RNGestureHandlerButton>
`;
